<?xml version="1.0" encoding="utf-8"?><testsuites name="pytest tests"><testsuite name="pytest" errors="0" failures="0" skipped="0" tests="0" time="0.245" timestamp="2026-09-15T12:11:59.837326+09:00" hostname="D250505ui-Macmini.local" /></testsuites>